
=== Logging session started at 2026-02-07 00:01:06.204 ===
=== Log file: Engine.log ===
[2026-02-07 00:01:06.207] [INFO] Initializing engine...
[2026-02-07 00:01:06.213] [DEBUG] [GAME] GameInstance created: MainGameInstance [UUID: dce61bdb] (GameInstance.cpp:15)
[2026-02-07 00:01:06.215] [INFO] Engine initialized
[2026-02-07 00:01:06.216] [INFO] Starting engine...
[2026-02-07 00:01:06.217] [DEBUG] [WORLD] World created : testworld [Owner: MainGameInstance] (World.cpp:19)
[2026-02-07 00:01:06.219] [DEBUG] [GAME] World created: testworld (GameInstance.cpp:88)
[2026-02-07 00:01:06.220] [DEBUG] [LEVEL] Level created: Empty Level [World: testworld] (Level.cpp:17)
[2026-02-07 00:01:06.221] [DEBUG] [WORLD] Current level set to: Empty Level (World.cpp:229)
[2026-02-07 00:01:06.223] [DEBUG] [LEVEL] Level created: New Level [World: testworld] (Level.cpp:17)
[2026-02-07 00:01:06.224] [DEBUG] [LEVEL] Level created:  newNExtLevel [World: testworld] (Level.cpp:17)
[2026-02-07 00:01:06.226] [DEBUG] [WORLD] Removing current level: Empty Level (World.cpp:107)
[2026-02-07 00:01:06.228] [DEBUG] [WORLD] Current level set to: New Level (World.cpp:229)
[2026-02-07 00:01:06.229] [DEBUG] Empty Level [UUID: ebda982e] removed from testworld (Object.cpp:127)
[2026-02-07 00:01:06.231] [DEBUG] [LEVEL] Level destroyed: Empty Level (Level.cpp:27)
[2026-02-07 00:01:06.232] [DEBUG] [WORLD] Level removed: Empty Level (Remaining levels: 2) (World.cpp:152)
[2026-02-07 00:01:06.234] [DEBUG] [GAME] Initializing GameInstance... (GameInstance.cpp:107)
[2026-02-07 00:01:06.236] [DEBUG] [WORLD] BeginPlay: testworld (World.cpp:243)
[2026-02-07 00:01:06.238] [DEBUG] [LEVEL] BeginPlay 'New Level' (Level.cpp:47)
[2026-02-07 00:01:06.240] [DEBUG] [LEVEL] BeginPlay ' newNExtLevel' (Level.cpp:47)
[2026-02-07 00:01:06.241] [INFO] ====================================================
[2026-02-07 00:01:06.243] [INFO]  TEST MASS SPAWN IN BEGIN PLAY
[2026-02-07 00:01:06.245] [INFO] ====================================================
[2026-02-07 00:01:06.248] [INFO] Current count of mass spawn = 5'
[2026-02-07 00:01:06.249] [DEBUG] [ACTOR] Actor created : MassSpawnCharacter (Actor.cpp:10)
[2026-02-07 00:01:06.251] [DEBUG] Constructor of CBaseComponent with name 'CameraComp' (BaseComponent.cpp:9)
[2026-02-07 00:01:06.253] [DEBUG] CameraComp has owner actor class CTestCharacter with name 'MassSpawnCharacter' (BaseComponent.cpp:14)
[2026-02-07 00:01:06.255] [DEBUG] Constructor of CBaseComponent with name 'mesh' (BaseComponent.cpp:9)
[2026-02-07 00:01:06.256] [DEBUG] mesh has owner actor class CTestCharacter with name 'MassSpawnCharacter' (BaseComponent.cpp:14)
[2026-02-07 00:01:06.259] [DEBUG] Scene component constructor for 'mesh' (SceneComponent.cpp:5)
[2026-02-07 00:01:06.260] [DEBUG] [ACTOR] BeginPlay: MassSpawnCharacter (Actor.cpp:30)
[2026-02-07 00:01:06.262] [DEBUG]  FindRecursive: FOUND 'MassSpawnCharacter' at 'MassSpawnCharacter' (Object.cpp:46)
[2026-02-07 00:01:06.263] [DEBUG]  FindRecursive: FOUND 'MassSpawnCharacter' at 'MassSpawnCharacter' (Object.cpp:46)
[2026-02-07 00:01:06.265] [WARN] Note: Display name 'MassSpawnCharacter' already exists, using 'MassSpawnCharacter_1' instead
[2026-02-07 00:01:06.267] [DEBUG] [ACTOR] Actor created : MassSpawnCharacter_1 (Actor.cpp:10)
[2026-02-07 00:01:06.268] [DEBUG]  FindRecursive: FOUND 'CameraComp' at 'CameraComp' (Object.cpp:46)
[2026-02-07 00:01:06.269] [WARN] Note: Display name 'CameraComp' already exists, using 'CameraComp_1' instead
[2026-02-07 00:01:06.271] [DEBUG] Constructor of CBaseComponent with name 'CameraComp_1' (BaseComponent.cpp:9)
[2026-02-07 00:01:06.273] [DEBUG] CameraComp_1 has owner actor class CTestCharacter with name 'MassSpawnCharacter_1' (BaseComponent.cpp:14)
[2026-02-07 00:01:06.275] [DEBUG]  FindRecursive: FOUND 'mesh' at 'mesh' (Object.cpp:46)
[2026-02-07 00:01:06.277] [WARN] Note: Display name 'mesh' already exists, using 'mesh_1' instead
[2026-02-07 00:01:06.278] [DEBUG] Constructor of CBaseComponent with name 'mesh_1' (BaseComponent.cpp:9)
[2026-02-07 00:01:06.280] [DEBUG] mesh_1 has owner actor class CTestCharacter with name 'MassSpawnCharacter_1' (BaseComponent.cpp:14)
[2026-02-07 00:01:06.281] [DEBUG] Scene component constructor for 'mesh_1' (SceneComponent.cpp:5)
[2026-02-07 00:01:06.283] [DEBUG] [ACTOR] BeginPlay: MassSpawnCharacter_1 (Actor.cpp:30)
[2026-02-07 00:01:06.284] [DEBUG]  FindRecursive: FOUND 'MassSpawnCharacter' at 'MassSpawnCharacter' (Object.cpp:46)
[2026-02-07 00:01:06.286] [DEBUG]  FindRecursive: FOUND 'MassSpawnCharacter' at 'MassSpawnCharacter' (Object.cpp:46)
[2026-02-07 00:01:06.287] [WARN] Note: Display name 'MassSpawnCharacter' already exists, using 'MassSpawnCharacter_2' instead
[2026-02-07 00:01:06.289] [DEBUG] [ACTOR] Actor created : MassSpawnCharacter_2 (Actor.cpp:10)
[2026-02-07 00:01:06.291] [DEBUG]  FindRecursive: FOUND 'CameraComp' at 'CameraComp' (Object.cpp:46)
[2026-02-07 00:01:06.293] [WARN] Note: Display name 'CameraComp' already exists, using 'CameraComp_2' instead
[2026-02-07 00:01:06.295] [DEBUG] Constructor of CBaseComponent with name 'CameraComp_2' (BaseComponent.cpp:9)
[2026-02-07 00:01:06.296] [DEBUG] CameraComp_2 has owner actor class CTestCharacter with name 'MassSpawnCharacter_2' (BaseComponent.cpp:14)
[2026-02-07 00:01:06.299] [DEBUG]  FindRecursive: FOUND 'mesh' at 'mesh' (Object.cpp:46)
[2026-02-07 00:01:06.300] [WARN] Note: Display name 'mesh' already exists, using 'mesh_2' instead
[2026-02-07 00:01:06.302] [DEBUG] Constructor of CBaseComponent with name 'mesh_2' (BaseComponent.cpp:9)
[2026-02-07 00:01:06.304] [DEBUG] mesh_2 has owner actor class CTestCharacter with name 'MassSpawnCharacter_2' (BaseComponent.cpp:14)
[2026-02-07 00:01:06.306] [DEBUG] Scene component constructor for 'mesh_2' (SceneComponent.cpp:5)
[2026-02-07 00:01:06.307] [DEBUG] [ACTOR] BeginPlay: MassSpawnCharacter_2 (Actor.cpp:30)
[2026-02-07 00:01:06.309] [DEBUG]  FindRecursive: FOUND 'MassSpawnCharacter' at 'MassSpawnCharacter' (Object.cpp:46)
[2026-02-07 00:01:06.311] [DEBUG]  FindRecursive: FOUND 'MassSpawnCharacter' at 'MassSpawnCharacter' (Object.cpp:46)
[2026-02-07 00:01:06.313] [WARN] Note: Display name 'MassSpawnCharacter' already exists, using 'MassSpawnCharacter_3' instead
[2026-02-07 00:01:06.315] [DEBUG] [ACTOR] Actor created : MassSpawnCharacter_3 (Actor.cpp:10)
[2026-02-07 00:01:06.317] [DEBUG]  FindRecursive: FOUND 'CameraComp' at 'CameraComp' (Object.cpp:46)
[2026-02-07 00:01:06.318] [WARN] Note: Display name 'CameraComp' already exists, using 'CameraComp_3' instead
[2026-02-07 00:01:06.320] [DEBUG] Constructor of CBaseComponent with name 'CameraComp_3' (BaseComponent.cpp:9)
[2026-02-07 00:01:06.322] [DEBUG] CameraComp_3 has owner actor class CTestCharacter with name 'MassSpawnCharacter_3' (BaseComponent.cpp:14)
[2026-02-07 00:01:06.324] [DEBUG]  FindRecursive: FOUND 'mesh' at 'mesh' (Object.cpp:46)
[2026-02-07 00:01:06.325] [WARN] Note: Display name 'mesh' already exists, using 'mesh_3' instead
[2026-02-07 00:01:06.327] [DEBUG] Constructor of CBaseComponent with name 'mesh_3' (BaseComponent.cpp:9)
[2026-02-07 00:01:06.328] [DEBUG] mesh_3 has owner actor class CTestCharacter with name 'MassSpawnCharacter_3' (BaseComponent.cpp:14)
[2026-02-07 00:01:06.330] [DEBUG] Scene component constructor for 'mesh_3' (SceneComponent.cpp:5)
[2026-02-07 00:01:06.332] [DEBUG] [ACTOR] BeginPlay: MassSpawnCharacter_3 (Actor.cpp:30)
[2026-02-07 00:01:06.333] [DEBUG]  FindRecursive: FOUND 'MassSpawnCharacter' at 'MassSpawnCharacter' (Object.cpp:46)
[2026-02-07 00:01:06.335] [DEBUG]  FindRecursive: FOUND 'MassSpawnCharacter' at 'MassSpawnCharacter' (Object.cpp:46)
[2026-02-07 00:01:06.337] [WARN] Note: Display name 'MassSpawnCharacter' already exists, using 'MassSpawnCharacter_4' instead
[2026-02-07 00:01:06.338] [DEBUG] [ACTOR] Actor created : MassSpawnCharacter_4 (Actor.cpp:10)
[2026-02-07 00:01:06.340] [DEBUG]  FindRecursive: FOUND 'CameraComp' at 'CameraComp' (Object.cpp:46)
[2026-02-07 00:01:06.341] [WARN] Note: Display name 'CameraComp' already exists, using 'CameraComp_4' instead
[2026-02-07 00:01:06.343] [DEBUG] Constructor of CBaseComponent with name 'CameraComp_4' (BaseComponent.cpp:9)
[2026-02-07 00:01:06.345] [DEBUG] CameraComp_4 has owner actor class CTestCharacter with name 'MassSpawnCharacter_4' (BaseComponent.cpp:14)
[2026-02-07 00:01:06.347] [DEBUG]  FindRecursive: FOUND 'mesh' at 'mesh' (Object.cpp:46)
[2026-02-07 00:01:06.348] [WARN] Note: Display name 'mesh' already exists, using 'mesh_4' instead
[2026-02-07 00:01:06.350] [DEBUG] Constructor of CBaseComponent with name 'mesh_4' (BaseComponent.cpp:9)
[2026-02-07 00:01:06.352] [DEBUG] mesh_4 has owner actor class CTestCharacter with name 'MassSpawnCharacter_4' (BaseComponent.cpp:14)
[2026-02-07 00:01:06.354] [DEBUG] Scene component constructor for 'mesh_4' (SceneComponent.cpp:5)
[2026-02-07 00:01:06.356] [DEBUG] [ACTOR] BeginPlay: MassSpawnCharacter_4 (Actor.cpp:30)
[2026-02-07 00:01:06.358] [INFO] ====================================================
[2026-02-07 00:01:06.360] [INFO]  END TEST MASS SPAWN IN BEGIN PLAY
[2026-02-07 00:01:06.361] [INFO] ====================================================
[2026-02-07 00:01:06.363] [DEBUG] GameInstance tick with 0.016 (GameInstance.cpp:116)
[2026-02-07 00:01:06.365] [DEBUG] [WORLD] Tick: testworld (delta: 0.016) (World.cpp:260)
[2026-02-07 00:01:06.366] [DEBUG] [ACTOR] Tick: MassSpawnCharacter (delta: 0.016) (Actor.cpp:40)
[2026-02-07 00:01:06.368] [DEBUG] [ACTOR] Tick: MassSpawnCharacter_1 (delta: 0.016) (Actor.cpp:40)
[2026-02-07 00:01:06.370] [DEBUG] [ACTOR] Tick: MassSpawnCharacter_2 (delta: 0.016) (Actor.cpp:40)
[2026-02-07 00:01:06.372] [DEBUG] [ACTOR] Tick: MassSpawnCharacter_3 (delta: 0.016) (Actor.cpp:40)
[2026-02-07 00:01:06.376] [DEBUG] [ACTOR] Tick: MassSpawnCharacter_4 (delta: 0.016) (Actor.cpp:40)
[2026-02-07 00:01:06.379] [DEBUG] GameInstance tick with 0.016 (GameInstance.cpp:116)
[2026-02-07 00:01:06.382] [DEBUG] [WORLD] Tick: testworld (delta: 0.016) (World.cpp:260)
[2026-02-07 00:01:06.384] [DEBUG] [ACTOR] Tick: MassSpawnCharacter (delta: 0.016) (Actor.cpp:40)
[2026-02-07 00:01:06.386] [DEBUG] [ACTOR] Tick: MassSpawnCharacter_1 (delta: 0.016) (Actor.cpp:40)
[2026-02-07 00:01:06.388] [DEBUG] [ACTOR] Tick: MassSpawnCharacter_2 (delta: 0.016) (Actor.cpp:40)
[2026-02-07 00:01:06.390] [DEBUG] [ACTOR] Tick: MassSpawnCharacter_3 (delta: 0.016) (Actor.cpp:40)
[2026-02-07 00:01:06.392] [DEBUG] [ACTOR] Tick: MassSpawnCharacter_4 (delta: 0.016) (Actor.cpp:40)
[2026-02-07 00:01:06.394] [DEBUG] GameInstance tick with 0.016 (GameInstance.cpp:116)
[2026-02-07 00:01:06.396] [DEBUG] [WORLD] Tick: testworld (delta: 0.016) (World.cpp:260)
[2026-02-07 00:01:06.397] [DEBUG] [ACTOR] Tick: MassSpawnCharacter (delta: 0.016) (Actor.cpp:40)
[2026-02-07 00:01:06.399] [DEBUG] [ACTOR] Tick: MassSpawnCharacter_1 (delta: 0.016) (Actor.cpp:40)
[2026-02-07 00:01:06.401] [DEBUG] [ACTOR] Tick: MassSpawnCharacter_2 (delta: 0.016) (Actor.cpp:40)
[2026-02-07 00:01:06.402] [DEBUG] [ACTOR] Tick: MassSpawnCharacter_3 (delta: 0.016) (Actor.cpp:40)
[2026-02-07 00:01:06.404] [DEBUG] [ACTOR] Tick: MassSpawnCharacter_4 (delta: 0.016) (Actor.cpp:40)
[2026-02-07 00:01:06.405] [DEBUG] GameInstance tick with 0.016 (GameInstance.cpp:116)
[2026-02-07 00:01:06.407] [DEBUG] [WORLD] Tick: testworld (delta: 0.016) (World.cpp:260)
[2026-02-07 00:01:06.409] [DEBUG] [ACTOR] Tick: MassSpawnCharacter (delta: 0.016) (Actor.cpp:40)
[2026-02-07 00:01:06.411] [DEBUG] [ACTOR] Tick: MassSpawnCharacter_1 (delta: 0.016) (Actor.cpp:40)
[2026-02-07 00:01:06.412] [DEBUG] [ACTOR] Tick: MassSpawnCharacter_2 (delta: 0.016) (Actor.cpp:40)
[2026-02-07 00:01:06.414] [DEBUG] [ACTOR] Tick: MassSpawnCharacter_3 (delta: 0.016) (Actor.cpp:40)
[2026-02-07 00:01:06.416] [DEBUG] [ACTOR] Tick: MassSpawnCharacter_4 (delta: 0.016) (Actor.cpp:40)
[2026-02-07 00:01:06.418] [DEBUG] GameInstance tick with 0.016 (GameInstance.cpp:116)
[2026-02-07 00:01:06.419] [DEBUG] [WORLD] Tick: testworld (delta: 0.016) (World.cpp:260)
[2026-02-07 00:01:06.420] [DEBUG] [ACTOR] Tick: MassSpawnCharacter (delta: 0.016) (Actor.cpp:40)
[2026-02-07 00:01:06.422] [DEBUG] [ACTOR] Tick: MassSpawnCharacter_1 (delta: 0.016) (Actor.cpp:40)
[2026-02-07 00:01:06.424] [DEBUG] [ACTOR] Tick: MassSpawnCharacter_2 (delta: 0.016) (Actor.cpp:40)
[2026-02-07 00:01:06.426] [DEBUG] [ACTOR] Tick: MassSpawnCharacter_3 (delta: 0.016) (Actor.cpp:40)
[2026-02-07 00:01:06.427] [DEBUG] [ACTOR] Tick: MassSpawnCharacter_4 (delta: 0.016) (Actor.cpp:40)
[2026-02-07 00:01:06.429] [INFO] Shutting down engine...
[2026-02-07 00:01:06.430] [INFO] Engine destroyed
[2026-02-07 00:01:06.431] [INFO] Engine shutting down...
[2026-02-07 00:01:06.432] [INFO] saving gameInstance state
[2026-02-07 00:01:06.433] [DEBUG] Proccessing save gameinstance 'MainGameInstance' state  (GameInstance.cpp:140)
[2026-02-07 00:01:06.435] [DEBUG] [GAME] GameInstance destroyed: MainGameInstance (GameInstance.cpp:20)
[2026-02-07 00:01:06.437] [DEBUG] [WORLD] World destroyed: testworld (World.cpp:34)
[2026-02-07 00:01:06.438] [DEBUG] [WORLD] EndPlay: testworld (World.cpp:279)
[2026-02-07 00:01:06.439] [DEBUG] [LEVEL] End Play for 'New Level' (Level.cpp:83)
[2026-02-07 00:01:06.441] [DEBUG] [ACTOR] EndPlay: MassSpawnCharacter (Actor.cpp:54)
[2026-02-07 00:01:06.444] [DEBUG] [ACTOR] EndPlay: MassSpawnCharacter_1 (Actor.cpp:54)
[2026-02-07 00:01:06.445] [DEBUG] [ACTOR] EndPlay: MassSpawnCharacter_2 (Actor.cpp:54)
[2026-02-07 00:01:06.447] [DEBUG] [ACTOR] EndPlay: MassSpawnCharacter_3 (Actor.cpp:54)
[2026-02-07 00:01:06.449] [DEBUG] [ACTOR] EndPlay: MassSpawnCharacter_4 (Actor.cpp:54)
[2026-02-07 00:01:06.450] [DEBUG] [LEVEL] End Play for ' newNExtLevel' (Level.cpp:83)
[2026-02-07 00:01:06.453] [DEBUG] [LEVEL] Level destroyed: New Level (Level.cpp:27)
[2026-02-07 00:01:06.455] [DEBUG] [ACTOR] Actor destroyed: MassSpawnCharacter (Actor.cpp:15)
[2026-02-07 00:01:06.457] [DEBUG] Destructor of CBaseComponent with name 'CameraComp' (BaseComponent.cpp:20)
[2026-02-07 00:01:06.459] [DEBUG] Scene component destructor for 'mesh' (SceneComponent.cpp:10)
[2026-02-07 00:01:06.461] [DEBUG] Destructor of CBaseComponent with name 'mesh' (BaseComponent.cpp:20)
[2026-02-07 00:01:06.463] [DEBUG] [ACTOR] Actor destroyed: MassSpawnCharacter_1 (Actor.cpp:15)
[2026-02-07 00:01:06.464] [DEBUG] Destructor of CBaseComponent with name 'CameraComp_1' (BaseComponent.cpp:20)
[2026-02-07 00:01:06.466] [DEBUG] Scene component destructor for 'mesh_1' (SceneComponent.cpp:10)
[2026-02-07 00:01:06.469] [DEBUG] Destructor of CBaseComponent with name 'mesh_1' (BaseComponent.cpp:20)
[2026-02-07 00:01:06.474] [DEBUG] [ACTOR] Actor destroyed: MassSpawnCharacter_2 (Actor.cpp:15)
[2026-02-07 00:01:06.479] [DEBUG] Destructor of CBaseComponent with name 'CameraComp_2' (BaseComponent.cpp:20)
[2026-02-07 00:01:06.495] [DEBUG] Scene component destructor for 'mesh_2' (SceneComponent.cpp:10)
[2026-02-07 00:01:06.505] [DEBUG] Destructor of CBaseComponent with name 'mesh_2' (BaseComponent.cpp:20)
[2026-02-07 00:01:06.509] [DEBUG] [ACTOR] Actor destroyed: MassSpawnCharacter_3 (Actor.cpp:15)
[2026-02-07 00:01:06.511] [DEBUG] Destructor of CBaseComponent with name 'CameraComp_3' (BaseComponent.cpp:20)
[2026-02-07 00:01:06.514] [DEBUG] Scene component destructor for 'mesh_3' (SceneComponent.cpp:10)
[2026-02-07 00:01:06.517] [DEBUG] Destructor of CBaseComponent with name 'mesh_3' (BaseComponent.cpp:20)
[2026-02-07 00:01:06.519] [DEBUG] [ACTOR] Actor destroyed: MassSpawnCharacter_4 (Actor.cpp:15)
[2026-02-07 00:01:06.521] [DEBUG] Destructor of CBaseComponent with name 'CameraComp_4' (BaseComponent.cpp:20)
[2026-02-07 00:01:06.524] [DEBUG] Scene component destructor for 'mesh_4' (SceneComponent.cpp:10)
[2026-02-07 00:01:06.527] [DEBUG] Destructor of CBaseComponent with name 'mesh_4' (BaseComponent.cpp:20)
[2026-02-07 00:01:06.530] [DEBUG] [LEVEL] Level destroyed:  newNExtLevel (Level.cpp:27)
[2026-02-07 00:01:06.532] [DEBUG] [GAME] GameInstance destroyed (GameInstance.cpp:68)
[2026-02-07 00:01:06.534] [DEBUG] Engine shutdown complete (Engine.cpp:124)

=== Logging session statistics ===
Total messages: 163
  TRACE: 0
  DEBUG: 137
  INFO:  14
  WARN:  12
  ERROR: 0
  FATAL: 0
Session duration: 332 ms
Average messages per second: 490.964
==============================

=== Logging session ended at 2026-02-07 00:01:06.540 ===
